ACER@DESKTOP-605KM2R MINGW64 ~/desktop/PAF (master)
$ git status
On branch master

No commits yet

Untracked files:
  (use "git add <file>..." to include in what will be committed)
        helloworld.html

nothing added to commit but untracked files present (use "git add" to track)

ACER@DESKTOP-605KM2R MINGW64 ~/desktop/PAF (master)
$ git add helloworld.html

ACER@DESKTOP-605KM2R MINGW64 ~/desktop/PAF (master)
$ git status
On branch master

No commits yet

Changes to be committed:
  (use "git rm --cached <file>..." to unstage)
        new file:   helloworld.html


ACER@DESKTOP-605KM2R MINGW64 ~/desktop/PAF (master)
$ git commit -m "intial commit"
[master (root-commit) 60673f4] intial commit
 1 file changed, 7 insertions(+)
 create mode 100644 helloworld.html

ACER@DESKTOP-605KM2R MINGW64 ~/desktop/PAF (master)
$ git status
On branch master
nothing to commit, working tree clean

ACER@DESKTOP-605KM2R MINGW64 ~/desktop/PAF (master)
$ git remote add origin https://github.com/SanaliSudugodage/PAF2.git

ACER@DESKTOP-605KM2R MINGW64 ~/desktop/PAF (master)
$ git remote -v
origin  https://github.com/SanaliSudugodage/PAF2.git (fetch)
origin  https://github.com/SanaliSudugodage/PAF2.git (push)

ACER@DESKTOP-605KM2R MINGW64 ~/desktop/PAF (master)
$ git push origin master
Enumerating objects: 3, done.
Counting objects: 100% (3/3), done.
Delta compression using up to 16 threads
Compressing objects: 100% (2/2), done.
Writing objects: 100% (3/3), 271 bytes | 271.00 KiB/s, done.
Total 3 (delta 0), reused 0 (delta 0), pack-reused 0 (from 0)
To https://github.com/SanaliSudugodage/PAF2.git
 * [new branch]      master -> master

ACER@DESKTOP-605KM2R MINGW64 ~/desktop/PAF (master)
$
